Windows PowerShell
(C) Корпорация Майкрософт (Microsoft Corporation). Все права защищены.

Попробуйте новую кроссплатформенную оболочку PowerShell (https://aka.ms/pscore6)

PS C:\Users\willy> ssh -p 8022 gb@localhost
gb@localhost's password:
Welcome to Ubuntu 22.04.2 LTS (GNU/Linux 5.19.0-46-generic x86_64)

 * Documentation:  https://help.ubuntu.com
 * Management:     https://landscape.canonical.com
 * Support:        https://ubuntu.com/advantage

Expanded Security Maintenance for Applications is not enabled.

124 updates can be applied immediately.
22 of these updates are standard security updates.
To see these additional updates run: apt list --upgradable

2 additional security updates can be applied with ESM Apps.
Learn more about enabling ESM Apps service at https://ubuntu.com/esm

Last login: Sun Jul 30 19:24:45 2023 from 10.0.2.2
gb@mygb:~$ sudo su
[sudo] password for gb:
root@mygb:/home/gb# mysql -u root -p
Enter password:
Welcome to the MySQL monitor.  Commands end with ; or \g.
Your MySQL connection id is 14
Server version: 8.0.33-0ubuntu0.22.04.2 (Ubuntu)

Copyright (c) 2000, 2023, Oracle and/or its affiliates.

Oracle is a registered trademark of Oracle Corporation and/or its
affiliates. Other names may be trademarks of their respective
owners.

Type 'help;' or '\h' for help. Type '\c' to clear the current input statement.

mysql> show databases
    -> ;
+--------------------+
| Database           |
+--------------------+
| hw_6               |
| information_schema |
| mysql              |
| performance_schema |
| phpmyadmin         |
| sys                |
+--------------------+
6 rows in set (0,01 sec)

mysql> CREATE DATABASES HumanFriends;
ERROR 1064 (42000): You have an error in your SQL syntax; check the manual that corresponds to your MySQL server version for the right syntax to use near 'DATABASES HumanFriends' at line 1
mysql> CREATE DATABASE HumanFriends;
Query OK, 1 row affected (0,02 sec)

mysql> show databases;
+--------------------+
| Database           |
+--------------------+
| HumanFriends       |
| hw_6               |
| information_schema |
| mysql              |
| performance_schema |
| phpmyadmin         |
| sys                |
+--------------------+
7 rows in set (0,00 sec)

mysql> use HumanFriends
Database changed
mysql> CREATE TABLE `animal` (   `id` Int NOT NULL AUTO_INCREMENT,   `animal_name` Varchar(20) NOT NULL,   PRIMARY KEY (`id`) ); `animal_name` Varchar(20) NOT NULL,
Query OK, 0 rows affected (0,07 sec)
 
mysql>CREATE TABLE `Pets`
(
  `id` Int NOT NULL AUTO_INCREMENT,
  `home_name` Varchar(20) NOT NULL,
  `id_animal` Int,
  PRIMARY KEY (`id`)
)
;
mysql> CREATE INDEX `animal_home` ON `Pets` (`id_animal`)
    -> ;
Query OK, 0 rows affected (0,06 sec)
Records: 0  Duplicates: 0  Warnings: 0
mysql> CREATE TABLE `cat`
    -> (
    ->   `id` Int NOT NULL AUTO_INCREMENT,
    ->   `cat_name` Varchar(30) NOT NULL,
    ->   `date_birth` Date NOT NULL,
    ->   `commands` Varchar(200),
    ->   `id_home` Int,
    ->   PRIMARY KEY (`id`)
    -> )
    -> ;



mysql>CREATE INDEX `home_cat` ON `cat` (`id_home`)
;

mysql> CREATE TABLE `hamster`
    -> (
    ->   `id` Int NOT NULL AUTO_INCREMENT,
    ->   `hamster_name` Varchar(30) NOT NULL,
    ->   `date_birth` Date NOT NULL,
    ->   `commands` Varchar(200),
    ->   `id_home` Int,
    ->   PRIMARY KEY (`id`)
    -> )
    -> ;

mysql> CREATE INDEX `home_hamster` ON `hamster` (`id_home`)
    -> ;
Query OK, 0 rows affected (0,04 sec)
Records: 0  Duplicates: 0  Warnings: 0

mysql> CREATE TABLE `PackAnimal`
    -> (
    ->   `id` Int NOT NULL AUTO_INCREMENT,
    ->   `pack_name` Varchar(20) NOT NULL,
    ->   `id_animal` Int,
    ->   PRIMARY KEY (`id`)
    -> )
    -> ;


mysql> CREATE INDEX `animal_pack` ON `PackAnimal` (`id_animal`)
    -> ;
Query OK, 0 rows affected (0,05 sec)
Records: 0  Duplicates: 0  Warnings: 0

mysql> CREATE TABLE `camel`
    -> (
    ->   `id` Int NOT NULL AUTO_INCREMENT,
    ->   `name` Varchar(30) NOT NULL,
    ->   `date_birth` Date NOT NULL,
    ->   `commands` Varchar(200),
    ->
    ->   `id_pack` Int,
    ->   PRIMARY KEY (`id`)
    -> )
    -> ;


mysql> CREATE INDEX `pack_camel` ON `camel` (`id_pack`);
Query OK, 0 rows affected (0,05 sec)
Records: 0  Duplicates: 0  Warnings: 0

mysql> CREATE TABLE `horse`
    -> (
    ->   `id` Int NOT NULL AUTO_INCREMENT,
    ->   `name` Varchar(30) NOT NULL,
    ->   `date_birth` Date NOT NULL,
    ->   `commands` Varchar(200),
    ->   `id_pack` Int,
    ->   PRIMARY KEY (`id`)
    -> )
    -> ;
Query OK, 0 rows affected (0,05 sec)

mysql> CREATE INDEX `pack_hourse` ON `horse` (`id_pack`)
    -> ;
Query OK, 0 rows affected (0,04 sec)
Records: 0  Duplicates: 0  Warnings: 0


mysql> CREATE TABLE `donkey`
    -> (
    ->   `id` Int NOT NULL AUTO_INCREMENT,
    ->   `name` Varchar(30) NOT NULL,
    ->   `date_birth` Date NOT NULL,
    ->   `commands` Varchar(200),
    ->   `id_pack` Int,
    ->   PRIMARY KEY (`id`)
    -> )
    -> ;
Query OK, 0 rows affected (0,05 sec)
mysql> CREATE INDEX `pack_donkey` ON `donkey` (`id_pack`)
    -> ;
Query OK, 0 rows affected (0,04 sec)
Records: 0  Duplicates: 0  Warnings: 0

mysql> CREATE TABLE `dog`
    -> (
    ->   `id` Int NOT NULL AUTO_INCREMENT,
    ->   `dog_name` Varchar(30) NOT NULL,
 Date N    ->   `date_birth` Date NOT NULL,
    ->   `commands` Varchar(200),
    ->   `id_home` Int,
    ->   PRIMARY KEY (`id`)
    -> )
    -> ;
Query OK, 0 rows affected (0,05 sec)

mysql> CREATE INDEX `home_dog` ON `dog` (`id_home`)
    -> ;
Query OK, 0 rows affected (0,05 sec)
Records: 0  Duplicates: 0  Warnings: 0



mysql> Show tables
    -> ;
+------------------------+
| Tables_in_HumanFriends |
+------------------------+
| PackAnimal             |
| Pets                   |
| animal                 |
| camel                  |
| cat                    |
| dog                    |
| donkey                 |
| hamster                |
| horse                  |
+------------------------+
9 rows in set (0,00 sec)
 mysql> INSERT INTO cat (cat_name,date_birth,commands)
 VALUES
 ('кот_1','2022-12-01','команда кота'),
 ('кот_2','2020-01-01','команда кота_2')
Query OK, 2 rows affected (0,01 sec)
Records: 2  Duplicates: 0  Warnings: 0 

mysql> SELECT * FROM cat;
+----+----------+------------+---------------------------+---------+
| id | cat_name | date_birth | commands                  | id_home |
+----+----------+------------+---------------------------+---------+
|  5 | кот_1    | 2022-12-01 | команда кота              |    1    |
|  6 | кот_2    | 2020-01-01 | команда кота_2            |    1    |
+----+----------+------------+---------------------------+---------+

 mysql> INSERT INTO dog (dog_name,date_birth,commands)
 VALUES
 ('пес_1','2021-05-11','команда пса');
Query OK, 2 rows affected (0,01 sec)
Records: 2  Duplicates: 0  Warnings: 0
SELECT * FROM dog;
+----+----------+------------+-----------------------+---------+
| id | dog_name | date_birth | commands              | id_home |
+----+----------+------------+-----------------------+---------+
|  1 | пес_1    | 2021-05-11 | команда пса           |    1    |
+----+----------+------------+-----------------------+---------+
1 row in set (0,00 sec)

 mysql> INSERT INTO hamster (hamster_name,date_birth)  VALUES  ('ХОМЯК','2023-07-31');
Query OK, 1 row affected (0,01 sec)

mysql> SELECT * FROM hamster
    -> ;
+----+--------------+------------+----------+---------+
| id | hamster_name | date_birth | commands | id_home |
+----+--------------+------------+----------+---------+
|  1 | ХОМЯК        | 2023-07-31 | NULL     |    1    |
+----+--------------+------------+----------+---------+
1 row in set (0,00 sec)

mysql> INSERT INTO camel (name,date_birth,commands)
    ->  VALUES
    ->  ('вербюд на удаление','2021-05-11','команды верблюда');
Query OK, 1 row affected (0,01 sec)


+----+------------------------------------+------------+---------------------------------+---------+
| id | name                               | date_birth | commands                        | id_pack |
+----+------------------------------------+------------+---------------------------------+---------+
|  1 | вербюд на удаление                 | 2021-05-11 | команды верблюда                |    1    |
+----+------------------------------------+------------+---------------------------------+---------+
1 row in set (0,00 sec)

mysql> INSERT INTO horse (name,date_birth,commands) VALUES  ('лощадь 1','2018-05-09','команда лошади');
Query OK, 1 row affected (0,01 sec)

mysql> SELECT * from horse
    -> ;
+----+----------------+------------+-----------------------------+---------+
| id | name           | date_birth | commands                    | id_pack |
+----+----------------+------------+-----------------------------+---------+
|  1 | лощадь 1       | 2018-05-09 | команда лошади              |    1    |
+----+----------------+------------+-----------------------------+---------+
1 row in set (0,00 sec)

mysql> INSERT INTO donkey (name,date_birth,commands) VALUES  ('ишак 1','2015-01-01','команда осла');
Query OK, 1 row affected (0,00 sec)

mysql> SELECT * from donkey;
+----+------------+------------+-------------------------+---------+
| id | name       | date_birth | commands                | id_pack |
+----+------------+------------+-------------------------+---------+
|  1 | ишак 1     | 2015-01-01 | команда осла            |    NULL |
+----+------------+------------+-------------------------+---------+
1 row in set (0,00 sec)